 AS V1.42 Beta [Bld 102] - source file test.asm - page 1 - 9/21/2015 8:12:58


       1/       0 :                     	
       2/       0 :                     		cpu		8008new
       3/       0 :                     		org 	0
       4/       0 :                     
       5/       0 : 44 3F 3F            		jmp 	03F3Fh
 AS V1.42 Beta [Bld 102] - source file test.asm - page 2 - 9/21/2015 8:12:58


  symbol table (* = unused):
  ------------------------

*ARCHITECTURE :  i386-unknown-win32 - | *BIGENDIAN :                      0 - |
*BRANCHEXT :                      0 - | *CASESENSITIVE :                  0 - |
*CONSTPI :        3.141592653589793 - | *DATE :                   9/21/2015 - |
*FALSE :                          0 - | *FULLPMMU :                       1 - |
*HAS64 :                          1 - | *HASDSP :                         0 - |
*HASFPU :                         0 - | *HASPMMU :                        0 - |
*INEXTMODE :                      0 - | *INLWORDMODE :                    0 - |
*INMAXMODE :                      0 - | *INSRCMODE :                      0 - |
*INSUPMODE :                      0 - | *LISTON :                         1 - |
*MACEXP :                         1 - | *MOMCPU :                     8008E - |
*MOMCPUNAME :               8008NEW - | *NESTMAX :                      100 - |
*PACKING :                        0 - | *PADDING :                        1 - |
*RELAXED :                        0 - | *TIME :                     8:12:58 - |
*TRUE :                           1 - | *VERSION :                     142F - |

     28 symbols
     28 unused symbols

 AS V1.42 Beta [Bld 102] - source file test.asm - page 3 - 9/21/2015 8:12:58


  codepages:
  ----------

STANDARD (0 changed characters)


0.00 seconds assembly time

      5 lines source file
      1 pass
      0 errors
      0 warnings
