 AS V1.42 Beta [Bld 102] - source file test.asm - page 1 - 9/30/2015 14:37:33


       1/       0 :                     	
       2/       0 :                     		cpu		8008new
       3/       0 :                     		org 	0
       4/       0 :                     
       5/       0 : =EH                 lowScope = 14
       6/       0 : =FH                 highScope = 15
       7/       0 :                     
       8/       0 :                     
       9/       0 : A8                  Start:	xra 	a
      10/       1 : 5D                  		out 	lowScope
      11/       2 : 5F                  		out		HighScope
      12/       3 :                     
      13/       3 : 16 04               		mvi 	c,4
      14/       5 :                     LineLoop:
      15/       5 : 2E 00               		mvi 	h,0
      16/       7 : 36 01               		mvi 	l,1
      17/       9 : 1E 10               		mvi 	d,16
      18/       B :                     CharLoop:
      19/       B : C6                  		mov 	a,l
      20/       C : 5D                  		out 	LowScope
      21/       D : C5                  		mov 	a,h
      22/       E : 34 80               		ori 	080h
      23/      10 : 5F                  		out 	HighScope
      24/      11 : C6                  		mov 	a,l
      25/      12 : 80                  		add 	a
      26/      13 : F0                  		mov 	l,a
      27/      14 : C5                  		mov 	a,h
      28/      15 : 88                  		adc 	a
      29/      16 : E8                  		mov 	h,a
      30/      17 : 30                  		inr 	l
      31/      18 : 19                  		dcr 	d
      32/      19 : 48 0B 00            		jnz 	CharLoop
      33/      1C : 06 55               		mvi 	a,55h
      34/      1E : 5D                  		out 	lowScope
      35/      1F : 06 D5               		mvi 	a,0D5h
      36/      21 : 5F                  		out 	HighScope
      37/      22 : 11                  		dcr 	c
      38/      23 : 48 05 00            		jnz 	LineLoop
      39/      26 : 44 26 00            Wait:	jmp 	Wait
      40/      29 :                     
 AS V1.42 Beta [Bld 102] - source file test.asm - page 2 - 9/30/2015 14:37:33


  symbol table (* = unused):
  ------------------------

*ARCHITECTURE :  i386-unknown-win32 - | *BIGENDIAN :                      0 - |
*BRANCHEXT :                      0 - | *CASESENSITIVE :                  0 - |
 CHARLOOP :                       B C | *CONSTPI :        3.141592653589793 - |
*DATE :                   9/30/2015 - | *FALSE :                          0 - |
*FULLPMMU :                       1 - | *HAS64 :                          1 - |
*HASDSP :                         0 - | *HASFPU :                         0 - |
*HASPMMU :                        0 - |  HIGHSCOPE :                      F - |
*INEXTMODE :                      0 - | *INLWORDMODE :                    0 - |
*INMAXMODE :                      0 - | *INSRCMODE :                      0 - |
*INSUPMODE :                      0 - |  LINELOOP :                       5 C |
*LISTON :                         1 - |  LOWSCOPE :                       E - |
*MACEXP :                         1 - | *MOMCPU :                     8008E - |
*MOMCPUNAME :               8008NEW - | *NESTMAX :                      100 - |
*PACKING :                        0 - | *PADDING :                        1 - |
*RELAXED :                        0 - | *START :                          0 C |
*TIME :                    14:37:33 - | *TRUE :                           1 - |
*VERSION :                     142F - |  WAIT :                          26 C |

     34 symbols
     29 unused symbols

 AS V1.42 Beta [Bld 102] - source file test.asm - page 3 - 9/30/2015 14:37:33


  codepages:
  ----------

STANDARD (0 changed characters)


0.00 seconds assembly time

     40 lines source file
      1 pass
      0 errors
      0 warnings
